// Vitest Snapshot v1, https://vitest.dev/guide/snapshot.html

exports[`PageTodo > snapshot matches shadow DOM structure 1`] = `
"
      <style>
        .todoApp {
          background: var(--bg-card, #fff);
          border-radius: 8px;
          box-shadow: var(--shadow-card, 0 2px 12px rgba(0, 0, 0, 0.1));
          padding: 32px;
          max-width: 900px;
          width: 100%;
        }
        .todoApp h1 {
          font-size: 24px;
          font-weight: 700;
          text-align: center;
          margin-bottom: 20px;
          color: var(--text-primary, #333);
        }
    .filterContainer {
          display: flex;
          gap: 4px;
          margin: 12px auto 16px;
          border: 1px solid var(--border-input, #ddd);
          border-radius: 24px;
          padding: 4px 6px;
          background: var(--bg-app, #f5f5f5);
        }
        .filterContainer button {
          padding: 8px 18px;
          border: none;
          background: transparent;
          border-radius: 20px;
          font-size: 13px;
          font-weight: 500;
          cursor: pointer;
          transition: all 0.2s ease;
          color: var(--text-secondary, #555);
        }
        .filterContainer button:hover {
          color: var(--text-primary, #333);
        }
        .filterContainer button.active {
          background: var(--bg-filter-active, #4a90d9);
          color: var(--text-header, #fff);
          box-shadow: 0 1px 4px rgba(74, 144, 217, 0.3);
        }
        .footer {
          display: flex;
          justify-content: space-between;
          align-items: center;
          padding: 12px 8px 0;
          font-size: 13px;
          color: var(--text-muted, #888);
          border-top: 1px solid var(--border-color, #f0f0f0);
          margin-top: 4px;
        }
        .status-msg {
          font-size: 12px;
          color: var(--text-warning, #e67e22);
          font-style: italic;
        }
      </style>
      <div class="todoApp">
        <h1>Todo App</h1>
        <todo-input></todo-input>
        <div style="text-align: center;">
          <div class="filterContainer" data-id="filters">
            <button data-filter="all" class="active">All</button>
            <button data-filter="active" class="">Active</button>
            <button data-filter="completed" class="">Completed</button>
          </div>
        </div>
        <todo-list filter="all" todos="[]"></todo-list>
        <div class="footer" data-id="footer">
          <span class="item-count" data-id="itemCount">0 items left</span>
          <span class="status-msg" data-id="statusMsg" style="display:none;"></span>
          <button class="clear-completed" data-id="clearBtn" style="background:none;border:none;color:var(--bg-btn-danger,#e74c3c);font-size:13px;cursor:pointer;display:none;">Clear Completed</button>
        </div>
      </div>
    "
`;
