// Vitest Snapshot v1, https://vitest.dev/guide/snapshot.html

exports[`PageTodo > snapshot matches shadow DOM structure 1`] = `
"
      <style>
        .todoApp {
          background: var(--bg-card, #fff);
          border-radius: 8px;
          box-shadow: var(--shadow-card, 0 2px 12px rgba(0, 0, 0, 0.1));
          padding: 32px;
          max-width: 900px;
          width: 100%;
          text-align: center;
        }
        .todoApp h1 {
          font-size: 24px;
          font-weight: 700;
          text-align: center;
          margin-bottom: 20px;
          color: var(--text-primary, #333);
        }
        .filterContainer {
          display: inline-flex;
          gap: 4px;
          margin: 12px auto 16px;
          border: 1px solid var(--border-input, #ddd);
          border-radius: 24px;
          padding: 4px 6px;
          background: var(--bg-app, #f5f5f5);
        }
        .filterContainer button {
          padding: 8px 18px;
          border: none;
          background: transparent;
          border-radius: 20px;
          font-size: 13px;
          font-weight: 500;
          cursor: pointer;
          transition: all 0.2s ease;
          color: var(--text-secondary, #555);
        }
        .filterContainer button:hover {
          color: var(--text-primary, #333);
        }
        .filterContainer button.active {
          background: var(--bg-filter-active, #4a90d9);
          color: var(--text-header, #fff);
          box-shadow: 0 1px 4px rgba(74, 144, 217, 0.3);
        }
        .actionBar {
          display: flex;
          align-items: center;
          justify-content: space-between;
          padding: 10px 12px;
          margin: 0 auto 12px;
          max-width: 900px;
          width: 100%;
          background: var(--bg-card, #fff);
          border-radius: 6px;
          box-shadow: var(--shadow-card, 0 1px 6px rgba(0, 0, 0, 0.08));
          border: 1px solid var(--border-color, #ddd);
        }
        .actionBarLeft {
          display: flex;
          align-items: center;
          gap: 12px;
        }
        .actionCount {
          font-size: 13px;
          color: var(--text-muted, #888);
          font-weight: 500;
        }
        .actionBtn {
          padding: 6px 14px;
          border: 1px solid var(--border-input, #ddd);
          border-radius: 6px;
          background: var(--bg-app, #f5f5f5);
          font-size: 13px;
          cursor: pointer;
          color: var(--text-primary, #333);
          transition: all 0.15s ease;
        }
        .actionBtn:hover {
          background: var(--bg-card, #fff);
          border-color: var(--accent-primary, #4a90d9);
          color: var(--accent-primary, #4a90d9);
        }
        .actionPlaceDropdown {
          position: relative;
          display: inline-block;
        }
        .actionPlaceMenu {
          position: absolute;
          top: 100%;
          left: 0;
          margin-top: 4px;
          background: var(--bg-card, #fff);
          border: 1px solid var(--border-color, #ddd);
          border-radius: 6px;
          box-shadow: var(--shadow-card, 0 2px 12px rgba(0, 0, 0, 0.1));
          padding: 4px 0;
          min-width: 180px;
          z-index: 200;
          display: none;
        }
        .actionPlaceDropdown.open .actionPlaceMenu {
          display: block;
        }
        .actionPlaceOption {
          padding: 8px 12px;
          font-size: 13px;
          cursor: pointer;
          color: var(--text-primary, #333);
          display: flex;
          align-items: center;
          gap: 8px;
        }
        .actionPlaceOption:hover {
          background: var(--bg-app, #f5f5f5);
        }
        .actionPlaceOption.selected::before {
          content: '\\2713';
          color: var(--accent-primary, #4a90d9);
          font-size: 12px;
        }
        .footer {
          display: flex;
          justify-content: space-between;
          align-items: center;
          padding: 12px 8px 0;
          font-size: 13px;
          color: var(--text-muted, #888);
          border-top: 1px solid var(--border-color, #f0f0f0);
          margin-top: 4px;
        }
        .status-msg {
          font-size: 12px;
          color: var(--text-warning, #e67e22);
          font-style: italic;
        }
      </style>
      <div class="todoApp">
        <h1>Todo App</h1>
        <todo-input places="[]"></todo-input>
        <div class="filterContainer" data-id="filters">
          <button data-filter="all" class="active">All</button>
          <button data-filter="active" class="">Active</button>
          <button data-filter="completed" class="">Completed</button>
        </div>
        <div class="actionBar" data-id="actionBar">
          <div class="actionBarLeft">
            <span class="actionCount" data-id="actionCount"></span>
            <button class="actionBtn action-mark-complete" data-id="actionMarkBtn" style="display:none;">Mark Complete</button>
            <button class="actionBtn action-unmark-complete" data-id="actionUnmarkBtn" style="display:none;">Mark Incomplete</button>
            <div class="actionPlaceDropdown" data-id="actionPlaceDropdown" style="display:none;">
              <button class="actionBtn">Add to Place</button>
              <div class="actionPlaceMenu" data-id="actionPlaceMenu">
                
              </div>
            </div>
          </div>
          <button class="actionBtn action-close" data-id="actionCloseBtn" style="display:none;">Clear Selection</button>
        </div>
        <todo-list filter="all" todos="[]" places="[]"></todo-list>
        <div class="footer" data-id="footer">
          <span class="item-count" data-id="itemCount">0 items left</span>
          <span class="status-msg" data-id="statusMsg" style="display:none;"></span>
          <button class="clear-completed" data-id="clearBtn" style="background:none;border:none;color:var(--bg-btn-danger,#e74c3c);font-size:13px;cursor:pointer;display:none;">Clear Completed</button>
        </div>
      </div>
    "
`;
