// Vitest Snapshot v1, https://vitest.dev/guide/snapshot.html

exports[`TodoInput > matches shadow DOM snapshot 1`] = `
"
      <style>
        .inputContainer {
          display: flex;
          flex-direction: column;
          gap: 8px;
        }
        .inputRow {
          display: flex;
          gap: 8px;
        }
        .inputRow input {
          flex: 1;
          padding: 10px 12px;
          border: 1px solid var(--border-input, #ddd);
          border-radius: 6px;
          font-size: 14px;
          outline: none;
          transition: border-color 0.2s;
        }
        .inputRow input:focus {
          border-color: var(--accent-primary, #4a90d9);
        }
        .addBtn {
          padding: 10px 18px;
          background: var(--bg-btn-primary, #4a90d9);
          color: var(--text-header, #fff);
          border: none;
          border-radius: 6px;
          font-size: 14px;
          font-weight: 600;
          cursor: pointer;
          transition: background 0.2s;
        }
        .addBtn:hover {
          background: var(--bg-btn-primary-hover, #357abd);
        }
        .placeRow {
          display: flex;
          gap: 8px;
          align-items: center;
        }
        .ddWrapper {
          flex: 1;
          position: relative;
        }
        .ddTrigger {
          display: flex;
          align-items: center;
          gap: 8px;
          padding: 8px 32px 8px 12px;
          border: 1px solid var(--border-input, #ddd);
          border-radius: 6px;
          font-size: 13px;
          outline: none;
          background: var(--bg-app, #f5f5f5);
          color: var(--text-secondary, #555);
          cursor: pointer;
          text-align: left;
          width: 100%;
          box-sizing: border-box;
          transition: border-color 0.2s;
        }
        .ddTrigger:focus {
          border-color: var(--accent-primary, #4a90d9);
        }
        .ddTrigger::after {
          content: '';
          position: absolute;
          right: 10px;
          top: 50%;
          transform: translateY(-50%);
          border: 5px solid transparent;
          border-top: 5px solid var(--text-secondary, #555);
          pointer-events: none;
        }
        .ddList {
          position: absolute;
          top: calc(100% + 4px);
          left: 0;
          right: 0;
          background: var(--bg-card, #fff);
          border: 1px solid var(--border-input, #ddd);
          border-radius: 6px;
          max-height: 200px;
          overflow-y: auto;
          z-index: 100;
          display: none;
        }
        .ddList.open {
          display: block;
        }
        .dd-option {
          padding: 8px 12px;
          font-size: 13px;
          cursor: pointer;
          color: var(--text-secondary, #555);
        }
        .dd-option:hover {
          background: var(--bg-app, #f5f5f5);
        }
        .placesBtn {
          padding: 8px 12px;
          background: var(--bg-btn-primary, #4a90d9);
          color: var(--text-header, #fff);
          border: none;
          border-radius: 6px;
          font-size: 13px;
          font-weight: 600;
          cursor: pointer;
          white-space: nowrap;
          transition: background 0.2s;
        }
        .placesBtn:hover {
          background: var(--bg-btn-primary-hover, #357abd);
        }
      </style>
      <div class="inputContainer">
        <div class="inputRow">
          <input type="text" placeholder="What needs to be done?" data-id="input">
          <button class="addBtn" data-id="button">Add</button>
        </div>
        <div class="placeRow">
          <div class="ddWrapper" data-id="ddWrapper">
            <div class="ddTrigger" data-id="ddTrigger">Select place</div>
            <div class="ddList" data-id="ddList">
              <div class="dd-option" data-id="dd-option" data-value="">Select place</div>
              
            </div>
          </div>
          <button class="placesBtn" data-id="placesBtn">Go to Places</button>
        </div>
      </div>
    "
`;
